COMMAND=D:\Projects\cuti-tools\.venv\Scripts\python.exe scripts/verify_live.py fetch-lots
PYTHON=D:\Projects\cuti-tools\.venv\Scripts\python.exe
PYTHON_VERSION=3.12.10
PACKAGES_BEGIN
altair==6.2.2
anyio==4.14.2
attrs==26.1.0
blinker==1.9.0
certifi==2026.7.22
charset-normalizer==3.4.9
click==8.4.2
colorama==0.4.6
cuti-tools==1.0.0
h11==0.16.0
httptools==0.8.0
idna==3.18
itsdangerous==2.2.0
Jinja2==3.1.6
jsonschema==4.26.0
jsonschema-specifications==2025.9.1
MarkupSafe==3.0.3
narwhals==2.24.0
numpy==2.5.1
packaging==26.3
pandas==3.0.5
pillow==12.3.0
pip==26.2.1
plotly==6.9.0
protobuf==7.35.1
pyarrow==24.0.0
pydeck==0.9.3
python-dateutil==2.9.0.post0
python-multipart==0.0.32
RapidFuzz==3.14.5
referencing==0.37.0
requests==2.34.2
rpds-py==2026.6.3
six==1.17.0
starlette==1.3.1
streamlit==1.61.1
tenacity==9.1.4
toml==0.10.2
typing_extensions==4.16.0
tzdata==2026.3
urllib3==2.7.0
uvicorn==0.52.1
watchdog==6.0.0
websockets==16.1.1
PACKAGES_END
CUTI_ENV_NAMES=CUTI_ALERT_MAX_ATTEMPTS,CUTI_CATAWIKI_API_BASE,CUTI_CATAWIKI_BATCH_SIZE,CUTI_CATAWIKI_PAUSE_SECONDS,CUTI_CATAWIKI_QUERIES,CUTI_CATAWIKI_SEARCH_MAX_PAGES,CUTI_COMMISSION_RATE,CUTI_COMPARABLE_WINDOW_DAYS,CUTI_DB_PATH,CUTI_DEALS_SOURCE_URL,CUTI_DEAL_MAX_AGE_DAYS,CUTI_DETAILS_ENABLED,CUTI_DETAILS_MAX_RETRIES,CUTI_DETAILS_REQUEST_DELAY_SECONDS,CUTI_EUR_VND_RATE,CUTI_HTTP_TIMEOUT_SECONDS,CUTI_LIQUIDITY_DECLINE_RATE,CUTI_LIQUIDITY_HOT_HEARTS,CUTI_LIQUIDITY_MIN_LOTS,CUTI_LIQUIDITY_REF_DAYS,CUTI_LIQUIDITY_W_HEARTS,CUTI_LIQUIDITY_W_SELL_THROUGH,CUTI_LIQUIDITY_W_SPEED,CUTI_LOTS_SOURCE_URL,CUTI_MATCH_THRESHOLD,CUTI_MIN_COMPARABLES,CUTI_MIN_MARGIN_RATE,CUTI_MIN_PROFIT_EUR,CUTI_NOTIFIER,CUTI_NOTIFIER_FILE_PATH,CUTI_REPORT_PATH,CUTI_RESPONSE_MAX_BYTES,CUTI_RULES_PATH,CUTI_SETTLE_MAX_LOTS,CUTI_SHIPPING_EUR,CUTI_SOURCE_MAX_PAGES,CUTI_TELEGRAM_API_BASE,CUTI_TELEGRAM_BOT_TOKEN,CUTI_TELEGRAM_CHAT_ID,CUTI_URL_CHECK_MAX_LOTS,CUTI_VAT_ON_COMMISSION_RATE
REQUEST url=https://www.catawiki.com/en/l/106019970 status=403 bytes=392 time_ms=112.2 attempt=1
HTTP_ERROR_RESPONSE_BEGIN
<HTML><HEAD>
<TITLE>Access Denied</TITLE>
</HEAD><BODY>
<H1>Access Denied</H1>
 
You don't have permission to access "http&#58;&#47;&#47;www&#46;catawiki&#46;com&#47;en&#47;l&#47;106019970" on this server.<P>
Reference&#32;&#35;18&#46;cfd350b7&#46;1787214455&#46;2e2eb6f2
<P>https&#58;&#47;&#47;errors&#46;edgesuite&#46;net&#47;18&#46;cfd350b7&#46;1787214455&#46;2e2eb6f2</P>
</BODY>
</HTML>
HTTP_ERROR_RESPONSE_END
Traceback (most recent call last):
  File "D:\Projects\cuti-tools\scripts\verify_live.py", line 191, in _fetch_lot
    with urllib.request.urlopen(request, timeout=timeout) as response:
         ^^^^^^^^^^^^^^^^^^^^^^^^^^^^^^^^^^^^^^^^^^^^^^^^
  File "C:\Users\phama\AppData\Local\Programs\Python\Python312\Lib\urllib\request.py", line 215, in urlopen
    return opener.open(url, data, timeout)
           ^^^^^^^^^^^^^^^^^^^^^^^^^^^^^^^
  File "C:\Users\phama\AppData\Local\Programs\Python\Python312\Lib\urllib\request.py", line 521, in open
    response = meth(req, response)
               ^^^^^^^^^^^^^^^^^^^
  File "C:\Users\phama\AppData\Local\Programs\Python\Python312\Lib\urllib\request.py", line 630, in http_response
    response = self.parent.error(
               ^^^^^^^^^^^^^^^^^^
  File "C:\Users\phama\AppData\Local\Programs\Python\Python312\Lib\urllib\request.py", line 559, in error
    return self._call_chain(*args)
           ^^^^^^^^^^^^^^^^^^^^^^^
  File "C:\Users\phama\AppData\Local\Programs\Python\Python312\Lib\urllib\request.py", line 492, in _call_chain
    result = func(*args)
             ^^^^^^^^^^^
  File "C:\Users\phama\AppData\Local\Programs\Python\Python312\Lib\urllib\request.py", line 639, in http_error_default
    raise HTTPError(req.full_url, code, msg, hdrs, fp)
urllib.error.HTTPError: HTTP Error 403: Forbidden

The above exception was the direct cause of the following exception:

Traceback (most recent call last):
  File "D:\Projects\cuti-tools\scripts\verify_live.py", line 372, in main
    _fetch_fixtures(settings, rules, lot_log)
  File "D:\Projects\cuti-tools\scripts\verify_live.py", line 266, in _fetch_fixtures
    payload = _fetch_lot(
              ^^^^^^^^^^^
  File "D:\Projects\cuti-tools\scripts\verify_live.py", line 225, in _fetch_lot
    raise LiveVerificationError(f"{url}: HTTP {exc.code}") from exc
LiveVerificationError: https://www.catawiki.com/en/l/106019970: HTTP 403
EXIT=1
