COMMAND=D:\Projects\cuti-tools\.venv\Scripts\python.exe scripts/verify.py
PYTHON=D:\Projects\cuti-tools\.venv\Scripts\python.exe
PYTHON_VERSION=3.12.10
PACKAGES_BEGIN
altair==6.2.2
anyio==4.14.2
attrs==26.1.0
blinker==1.9.0
certifi==2026.7.22
charset-normalizer==3.4.9
click==8.4.2
colorama==0.4.6
cuti-tools==1.0.0
h11==0.16.0
httptools==0.8.0
idna==3.18
itsdangerous==2.2.0
Jinja2==3.1.6
jsonschema==4.26.0
jsonschema-specifications==2025.9.1
MarkupSafe==3.0.3
narwhals==2.24.0
numpy==2.5.1
packaging==26.3
pandas==3.0.5
pillow==12.3.0
pip==26.2.1
plotly==6.9.0
protobuf==7.35.1
pyarrow==24.0.0
pydeck==0.9.3
python-dateutil==2.9.0.post0
python-multipart==0.0.32
RapidFuzz==3.14.5
referencing==0.37.0
requests==2.34.2
rpds-py==2026.6.3
six==1.17.0
starlette==1.3.1
streamlit==1.61.1
tenacity==9.1.4
toml==0.10.2
typing_extensions==4.16.0
tzdata==2026.3
urllib3==2.7.0
uvicorn==0.52.1
watchdog==6.0.0
websockets==16.1.1
PACKAGES_END
CUTI_ENV_NAMES=
> D:\Projects\cuti-tools\.venv\Scripts\python.exe -m unittest discover -s tests -v
test_app_import_has_no_optional_dependency_side_effect (test_app.AppImportTests.test_app_import_has_no_optional_dependency_side_effect) ... ok
test_streamlit_and_charts_imports_are_inside_ui_functions (test_app.AppImportTests.test_streamlit_and_charts_imports_are_inside_ui_functions) ... ok
test_empty_id_list_makes_no_request (test_catawiki_api.CatawikiApiTests.test_empty_id_list_makes_no_request) ... ok
test_live_states_batches_ids_into_one_request (test_catawiki_api.CatawikiApiTests.test_live_states_batches_ids_into_one_request) ... ok
test_outcome_requests_eur_and_counts_requests (test_catawiki_api.CatawikiApiTests.test_outcome_requests_eur_and_counts_requests) ... ok
test_pauses_between_requests_but_not_before_the_first (test_catawiki_api.CatawikiApiTests.test_pauses_between_requests_but_not_before_the_first) ... ok
test_search_rejects_page_zero (test_catawiki_api.CatawikiApiTests.test_search_rejects_page_zero) ... ok
test_search_url_encodes_the_query (test_catawiki_api.CatawikiApiTests.test_search_url_encodes_the_query) ... ok
test_empty_input_yields_nothing (test_catawiki_api.ChunkTests.test_empty_input_yields_nothing) ... ok
test_rejects_a_useless_batch_size (test_catawiki_api.ChunkTests.test_rejects_a_useless_batch_size) ... ok
test_splits_into_batches (test_catawiki_api.ChunkTests.test_splits_into_batches) ... ok
test_extracts_id_from_lot_url (test_catawiki_api.LotIdTests.test_extracts_id_from_lot_url) ... ok
test_rejects_a_non_lot_url (test_catawiki_api.LotIdTests.test_rejects_a_non_lot_url) ... ok
test_rejects_a_response_for_another_lot (test_catawiki_api.ParseBiddingBlockTests.test_rejects_a_response_for_another_lot) ... ok
test_rejects_negative_bids_count (test_catawiki_api.ParseBiddingBlockTests.test_rejects_negative_bids_count) ... ok
test_rejects_sold_lot_without_a_usable_amount (test_catawiki_api.ParseBiddingBlockTests.test_rejects_sold_lot_without_a_usable_amount) ... ok
test_sold_lot_yields_an_integer_hammer_price (test_catawiki_api.ParseBiddingBlockTests.test_sold_lot_yields_an_integer_hammer_price) ... ok
test_unsold_lot_has_no_hammer_price (test_catawiki_api.ParseBiddingBlockTests.test_unsold_lot_has_no_hammer_price) ... ok
test_ignores_currencies_other_than_eur (test_catawiki_api.ParseLiveLotsTests.test_ignores_currencies_other_than_eur) ... ok
test_lot_without_a_bid_has_no_amount (test_catawiki_api.ParseLiveLotsTests.test_lot_without_a_bid_has_no_amount) ... ok
test_parses_bidding_window_and_flags (test_catawiki_api.ParseLiveLotsTests.test_parses_bidding_window_and_flags) ... ok
test_rejects_end_before_start (test_catawiki_api.ParseLiveLotsTests.test_rejects_end_before_start) ... ok
test_rejects_negative_favorite_count_and_non_bool_closed (test_catawiki_api.ParseLiveLotsTests.test_rejects_negative_favorite_count_and_non_bool_closed) ... ok
test_rejects_non_positive_bid_amount (test_catawiki_api.ParseLiveLotsTests.test_rejects_non_positive_bid_amount) ... ok
test_accepts_an_empty_page (test_catawiki_api.ParseSearchPageTests.test_accepts_an_empty_page) ... ok
test_parses_open_lot_references (test_catawiki_api.ParseSearchPageTests.test_parses_open_lot_references) ... ok
test_rejects_duplicate_ids_on_one_page (test_catawiki_api.ParseSearchPageTests.test_rejects_duplicate_ids_on_one_page) ... ok
test_rejects_missing_total_and_non_list_lots (test_catawiki_api.ParseSearchPageTests.test_rejects_missing_total_and_non_list_lots) ... ok
test_rejects_url_that_does_not_match_the_id (test_catawiki_api.ParseSearchPageTests.test_rejects_url_that_does_not_match_the_id) ... ok
test_accepts_zulu_and_offset_and_naive_forms (test_catawiki_api.ParseUtcDateTests.test_accepts_zulu_and_offset_and_naive_forms) ... ok
test_converts_to_utc_before_taking_the_date (test_catawiki_api.ParseUtcDateTests.test_converts_to_utc_before_taking_the_date) ... ok
test_rejects_garbage (test_catawiki_api.ParseUtcDateTests.test_rejects_garbage) ... ok
test_brand_specific_reference_rules (test_catawiki_lot_page.CatawikiLotPageTests.test_brand_specific_reference_rules) ... ok
test_details_are_typed_without_guessing (test_catawiki_lot_page.CatawikiLotPageTests.test_details_are_typed_without_guessing) ... ok
test_invalid_diameter_and_unknown_enums_are_none_or_other (test_catawiki_lot_page.CatawikiLotPageTests.test_invalid_diameter_and_unknown_enums_are_none_or_other) ... ok
test_page_parser_can_apply_identity_rules_explicitly (test_catawiki_lot_page.CatawikiLotPageTests.test_page_parser_can_apply_identity_rules_explicitly) ... ok
test_cycle_position_needs_three_quarters (test_charts_cycle.CyclePositionTests.test_cycle_position_needs_three_quarters) ... ok
test_falling_quarters_are_at_cycle_floor (test_charts_cycle.CyclePositionTests.test_falling_quarters_are_at_cycle_floor) ... ok
test_rising_quarters_are_at_cycle_peak (test_charts_cycle.CyclePositionTests.test_rising_quarters_are_at_cycle_peak) ... ok
test_heart_acceleration_needs_both_windows (test_charts_cycle.HeartAccelerationTests.test_heart_acceleration_needs_both_windows) ... ok
test_negative_rate_means_hearts_are_cooling (test_charts_cycle.HeartAccelerationTests.test_negative_rate_means_hearts_are_cooling) ... ok
test_positive_rate_means_hearts_are_heating_up (test_charts_cycle.HeartAccelerationTests.test_positive_rate_means_hearts_are_heating_up) ... ok
test_chart_accessor_hides_thin_comparable_pool (test_charts_scale1.ScaleOneChartTests.test_chart_accessor_hides_thin_comparable_pool) ... ok
test_hammer_histogram_counts_equal_width_bins (test_charts_scale1.ScaleOneChartTests.test_hammer_histogram_counts_equal_width_bins) ... ok
test_price_position_is_none_for_empty_pool (test_charts_scale1.ScaleOneChartTests.test_price_position_is_none_for_empty_pool) ... ok
test_parses_comments_quotes_and_export (test_config.EnvFileTests.test_parses_comments_quotes_and_export) ... ok
test_rejects_empty_key (test_config.EnvFileTests.test_rejects_empty_key) ... ok
test_rejects_line_without_equals (test_config.EnvFileTests.test_rejects_line_without_equals) ... ok
test_absolute_paths_are_preserved (test_config.SettingsTests.test_absolute_paths_are_preserved) ... ok
test_defaults_are_applied (test_config.SettingsTests.test_defaults_are_applied) ... ok
test_env_file_is_read_and_overridden_by_real_env (test_config.SettingsTests.test_env_file_is_read_and_overridden_by_real_env) ... ok
test_env_overrides_defaults (test_config.SettingsTests.test_env_overrides_defaults) ... ok
test_fee_multiplier (test_config.SettingsTests.test_fee_multiplier) ... ok
test_rejects_empty_source_url (test_config.SettingsTests.test_rejects_empty_source_url) ... ok
test_rejects_liquidity_weights_not_summing_to_one (test_config.SettingsTests.test_rejects_liquidity_weights_not_summing_to_one) ... ok
test_rejects_match_threshold_out_of_range (test_config.SettingsTests.test_rejects_match_threshold_out_of_range) ... ok
test_rejects_min_comparables_below_one (test_config.SettingsTests.test_rejects_min_comparables_below_one) ... ok
test_rejects_missing_home (test_config.SettingsTests.test_rejects_missing_home) ... ok
test_rejects_non_numeric_value (test_config.SettingsTests.test_rejects_non_numeric_value) ... ok
test_rejects_out_of_range_rate (test_config.SettingsTests.test_rejects_out_of_range_rate) ... ok
test_rejects_unknown_cuti_variable (test_config.SettingsTests.test_rejects_unknown_cuti_variable) ... ok
test_rejects_unknown_notifier (test_config.SettingsTests.test_rejects_unknown_notifier) ... ok
test_rejects_zero_exchange_rate (test_config.SettingsTests.test_rejects_zero_exchange_rate) ... ok
test_relative_paths_resolve_against_home (test_config.SettingsTests.test_relative_paths_resolve_against_home) ... ok
test_settings_are_immutable (test_config.SettingsTests.test_settings_are_immutable) ... ok
test_telegram_requires_credentials (test_config.SettingsTests.test_telegram_requires_credentials) ... ok
test_urls_are_not_turned_into_paths (test_config.SettingsTests.test_urls_are_not_turned_into_paths) ... ok
test_alert_moves_to_dead_after_configured_attempts (test_end_to_end_v2.BatchReliabilityTests.test_alert_moves_to_dead_after_configured_attempts) ... ok
test_broken_second_crawl_page_keeps_database_empty (test_end_to_end_v2.BatchReliabilityTests.test_broken_second_crawl_page_keeps_database_empty) ... ok
test_failed_alert_retries_without_duplicate_quote (test_end_to_end_v2.BatchReliabilityTests.test_failed_alert_retries_without_duplicate_quote) ... ok
test_malformed_feed_has_zero_writes (test_end_to_end_v2.BatchReliabilityTests.test_malformed_feed_has_zero_writes) ... ok
test_pending_alert_is_drained_even_when_next_feed_fetch_fails (test_end_to_end_v2.BatchReliabilityTests.test_pending_alert_is_drained_even_when_next_feed_fetch_fails) ... ok
test_stale_and_future_deals_are_not_stored (test_end_to_end_v2.BatchReliabilityTests.test_stale_and_future_deals_are_not_stored) ... ok
test_unexpected_quote_failure_is_not_swallowed (test_end_to_end_v2.BatchReliabilityTests.test_unexpected_quote_failure_is_not_swallowed) ... ok
test_unknown_brand_has_zero_writes (test_end_to_end_v2.BatchReliabilityTests.test_unknown_brand_has_zero_writes) ... ok
test_exact_reference_and_unsold_attempts_are_enforced (test_end_to_end_v2.ComparableAuditTests.test_exact_reference_and_unsold_attempts_are_enforced) ... ok
test_matching_does_not_silently_truncate_after_500_candidates (test_end_to_end_v2.ComparableAuditTests.test_matching_does_not_silently_truncate_after_500_candidates) ... ok
test_snapshot_does_not_change_when_live_lot_changes (test_end_to_end_v2.ComparableAuditTests.test_snapshot_does_not_change_when_live_lot_changes) ... ok
test_text_only_model_uses_fts_then_exact_and_fuzzy_gates (test_end_to_end_v2.ComparableAuditTests.test_text_only_model_uses_fts_then_exact_and_fuzzy_gates) ... ok
test_text_only_movement_variants_never_cross_match (test_end_to_end_v2.ComparableAuditTests.test_text_only_movement_variants_never_cross_match) ... ok
test_both_negatives_mean_naked_and_fullset_conflict_raises (test_end_to_end_v2.ConditionAndReferenceTests.test_both_negatives_mean_naked_and_fullset_conflict_raises) ... ok
test_multiple_references_are_non_actionable (test_end_to_end_v2.ConditionAndReferenceTests.test_multiple_references_are_non_actionable) ... ok
test_partial_negative_preserves_known_accessory (test_end_to_end_v2.ConditionAndReferenceTests.test_partial_negative_preserves_known_accessory) ... ok
test_price_critical_identity_tokens_separate_text_only_variants (test_end_to_end_v2.ConditionAndReferenceTests.test_price_critical_identity_tokens_separate_text_only_variants) ... ok
test_reference_parser_accepts_real_formats_not_marketing_dimensions (test_end_to_end_v2.ConditionAndReferenceTests.test_reference_parser_accepts_real_formats_not_marketing_dimensions) ... ok
test_uncued_year_is_not_a_reference_or_model_token (test_end_to_end_v2.ConditionAndReferenceTests.test_uncued_year_is_not_a_reference_or_model_token) ... ok
test_vietnamese_positive_conditions_and_accents (test_end_to_end_v2.ConditionAndReferenceTests.test_vietnamese_positive_conditions_and_accents) ... ok
test_exactly_twenty_percent_decline_does_not_trigger (test_end_to_end_v2.LiquidityAndChartTests.test_exactly_twenty_percent_decline_does_not_trigger) ... ok
test_figures_render_with_empty_and_nonempty_data (test_end_to_end_v2.LiquidityAndChartTests.test_figures_render_with_empty_and_nonempty_data) ... ok
test_two_consecutive_quarter_declines_trigger_stop (test_end_to_end_v2.LiquidityAndChartTests.test_two_consecutive_quarter_declines_trigger_stop) ... ok
test_future_schema_is_rejected (test_end_to_end_v2.MigrationTests.test_future_schema_is_rejected) ... ok
test_v1_quote_counts_are_migrated_semantically (test_end_to_end_v2.MigrationTests.test_v1_quote_counts_are_migrated_semantically) ... ok
test_buyer_bundle_exposes_shared_chart_metrics (test_evaluation.EvaluationTests.test_buyer_bundle_exposes_shared_chart_metrics) ... ok
test_buyer_bundle_quotes_once_for_one_pool (test_evaluation.EvaluationTests.test_buyer_bundle_quotes_once_for_one_pool) ... ok
test_cli_evaluate_is_json_and_currency_stable (test_evaluation.EvaluationTests.test_cli_evaluate_is_json_and_currency_stable) ... ok
test_condition_cluster_is_not_mixed (test_evaluation.EvaluationTests.test_condition_cluster_is_not_mixed) ... ok
test_cost_eur_rejects_non_finite_and_bool (test_evaluation.EvaluationTests.test_cost_eur_rejects_non_finite_and_bool) ... ok
test_expensive_input_is_red_at_threshold (test_evaluation.EvaluationTests.test_expensive_input_is_red_at_threshold) ... ok
test_hot_heart_conversion_rate_uses_sold_hot_pool (test_evaluation.EvaluationTests.test_hot_heart_conversion_rate_uses_sold_hot_pool) ... ok
test_no_hot_lots_have_no_conversion_rate_and_price_verdict (test_evaluation.EvaluationTests.test_no_hot_lots_have_no_conversion_rate_and_price_verdict) ... ok
test_pending_review_is_excluded (test_evaluation.EvaluationTests.test_pending_review_is_excluded) ... ok
test_percentiles_and_threshold_verdict (test_evaluation.EvaluationTests.test_percentiles_and_threshold_verdict) ... ok
test_sell_through_rate_uses_full_comparable_pool (test_evaluation.EvaluationTests.test_sell_through_rate_uses_full_comparable_pool) ... ok
test_thin_pool_has_no_guessed_profit (test_evaluation.EvaluationTests.test_thin_pool_has_no_guessed_profit) ... ok
test_vnd_and_eur_adapters_converge (test_evaluation.EvaluationTests.test_vnd_and_eur_adapters_converge) ... ok
test_vnd_input_goes_directly_to_quote (test_evaluation.EvaluationTests.test_vnd_input_goes_directly_to_quote) ... ok
test_citizen_four_by_four_reference_splits (test_identity_reference_shapes.IdentityReferenceShapeTests.test_citizen_four_by_four_reference_splits) ... ok
test_citizen_prefixed_reference_stays_whole (test_identity_reference_shapes.IdentityReferenceShapeTests.test_citizen_prefixed_reference_stays_whole) ... ok
test_longines_dotted_reference_stays_whole (test_identity_reference_shapes.IdentityReferenceShapeTests.test_longines_dotted_reference_stays_whole) ... ok
test_omega_vintage_reference_reads_caliber_from_description (test_identity_reference_shapes.IdentityReferenceShapeTests.test_omega_vintage_reference_reads_caliber_from_description) ... ok
test_rolex_five_digit_parenthesized_reference_stays_whole (test_identity_reference_shapes.IdentityReferenceShapeTests.test_rolex_five_digit_parenthesized_reference_stays_whole) ... ok
test_rolex_six_digit_reference_with_suffix_stays_whole (test_identity_reference_shapes.IdentityReferenceShapeTests.test_rolex_six_digit_reference_with_suffix_stays_whole) ... ok
test_seiko_four_by_four_reference_splits (test_identity_reference_shapes.IdentityReferenceShapeTests.test_seiko_four_by_four_reference_splits) ... ok
test_builds_one_canonical_lot_url (test_live_details.DetailsPathTests.test_builds_one_canonical_lot_url) ... ok
test_disabled_fetcher_never_calls_transport (test_live_details.DetailsPathTests.test_disabled_fetcher_never_calls_transport) ... ok
test_enabled_details_resolve_fields_and_description (test_live_details.DetailsPathTests.test_enabled_details_resolve_fields_and_description) ... ok
test_permanent_details_error_keeps_lot_without_details (test_live_details.DetailsPathTests.test_permanent_details_error_keeps_lot_without_details) ... ok
test_temporary_failures_retry_with_exponential_backoff (test_live_details.DetailsPathTests.test_temporary_failures_retry_with_exponential_backoff) ... ok
test_real_html_fixtures_have_identity_fields (test_live_lot_fixtures.LiveLotFixtureTests.test_real_html_fixtures_have_identity_fields) ... ok
test_new_commands_are_exposed (test_live_watch.CliWiringTests.test_new_commands_are_exposed) ... ok
test_single_url_is_tracked_and_settled (test_live_watch.IngestOneLotTests.test_single_url_is_tracked_and_settled) ... ok
test_unreadable_lot_raises_instead_of_writing_a_blank_row (test_live_watch.IngestOneLotTests.test_unreadable_lot_raises_instead_of_writing_a_blank_row) ... ok
test_reopening_a_current_database_is_a_no_op (test_live_watch.MigrationTests.test_reopening_a_current_database_is_a_no_op) ... ok
test_v1_database_gains_the_new_columns_and_queue (test_live_watch.MigrationTests.test_v1_database_gains_the_new_columns_and_queue) ... ok
test_extended_auction_is_requeued_with_the_new_end_date (test_live_watch.SettleTests.test_extended_auction_is_requeued_with_the_new_end_date) ... ok
test_lot_forgotten_by_the_source_is_dropped (test_live_watch.SettleTests.test_lot_forgotten_by_the_source_is_dropped) ... ok
test_settle_respects_the_lot_cap (test_live_watch.SettleTests.test_settle_respects_the_lot_cap) ... ok
test_sold_lot_is_stored_with_hammer_hearts_and_bids (test_live_watch.SettleTests.test_sold_lot_is_stored_with_hammer_hearts_and_bids) ... ok
test_unclassifiable_title_is_counted_not_guessed (test_live_watch.SettleTests.test_unclassifiable_title_is_counted_not_guessed) ... ok
test_unsold_lot_is_stored_without_a_price (test_live_watch.SettleTests.test_unsold_lot_is_stored_without_a_price) ... ok
test_dead_page_keeps_its_hammer_price (test_live_watch.SourceUrlCheckTests.test_dead_page_keeps_its_hammer_price) ... ok
test_expired_lots_are_not_probed_again (test_live_watch.SourceUrlCheckTests.test_expired_lots_are_not_probed_again) ... ok
test_live_page_stays_available (test_live_watch.SourceUrlCheckTests.test_live_page_stays_available) ... ok
test_redirect_to_a_category_page_counts_as_expired (test_live_watch.SourceUrlCheckTests.test_redirect_to_a_category_page_counts_as_expired) ... ok
test_batches_live_state_lookups (test_live_watch.WatchLiveTests.test_batches_live_state_lookups) ... ok
test_lot_that_closed_during_paging_is_due_immediately (test_live_watch.WatchLiveTests.test_lot_that_closed_during_paging_is_due_immediately) ... ok
test_queues_open_lots_with_their_close_date (test_live_watch.WatchLiveTests.test_queues_open_lots_with_their_close_date) ... ok
test_second_run_refreshes_instead_of_duplicating (test_live_watch.WatchLiveTests.test_second_run_refreshes_instead_of_duplicating) ... ok
test_alias_maps_to_canonical (test_normalize.BrandTests.test_alias_maps_to_canonical) ... ok
test_detects_simple_brand (test_normalize.BrandTests.test_detects_simple_brand) ... ok
test_empty_title_raises (test_normalize.BrandTests.test_empty_title_raises) ... ok
test_prefers_longest_multi_word_brand (test_normalize.BrandTests.test_prefers_longest_multi_word_brand) ... ok
test_unknown_brand_raises_instead_of_guessing (test_normalize.BrandTests.test_unknown_brand_raises_instead_of_guessing) ... ok
test_box_detected (test_normalize.ConditionTests.test_box_detected) ... ok
test_keyword_must_be_a_whole_word (test_normalize.ConditionTests.test_keyword_must_be_a_whole_word) ... ok
test_papers_beats_box (test_normalize.ConditionTests.test_papers_beats_box) ... ok
test_priority_fullset_beats_box_and_papers (test_normalize.ConditionTests.test_priority_fullset_beats_box_and_papers) ... ok
test_unknown_when_nothing_matches (test_normalize.ConditionTests.test_unknown_when_nothing_matches) ... ok
test_classify_returns_all_three_facets (test_normalize.ModelKeyTests.test_classify_returns_all_three_facets) ... ok
test_falls_back_to_salient_words_when_no_reference (test_normalize.ModelKeyTests.test_falls_back_to_salient_words_when_no_reference) ... ok
test_reference_number_wins_over_words (test_normalize.ModelKeyTests.test_reference_number_wins_over_words) ... ok
test_same_model_different_condition_shares_key (test_normalize.ModelKeyTests.test_same_model_different_condition_shares_key) ... ok
test_title_without_model_tokens_raises (test_normalize.ModelKeyTests.test_title_without_model_tokens_raises) ... ok
test_conflicting_alias_is_rejected (test_normalize.RulesLoadingTests.test_conflicting_alias_is_rejected) ... ok
test_identity_tokens_must_not_be_empty (test_normalize.RulesLoadingTests.test_identity_tokens_must_not_be_empty) ... ok
test_invalid_json (test_normalize.RulesLoadingTests.test_invalid_json) ... ok
test_invalid_regex_is_rejected (test_normalize.RulesLoadingTests.test_invalid_regex_is_rejected) ... ok
test_missing_file (test_normalize.RulesLoadingTests.test_missing_file) ... ok
test_missing_section (test_normalize.RulesLoadingTests.test_missing_section) ... ok
test_empty_input_scores_zero (test_normalize.SimilarityTests.test_empty_input_scores_zero) ... ok
test_identical_titles (test_normalize.SimilarityTests.test_identical_titles) ... ok
test_result_is_bounded (test_normalize.SimilarityTests.test_result_is_bounded) ... ok
test_token_order_does_not_matter (test_normalize.SimilarityTests.test_token_order_does_not_matter) ... ok
test_unrelated_titles_score_low (test_normalize.SimilarityTests.test_unrelated_titles_score_low) ... ok
test_empty_input (test_normalize.TextTests.test_empty_input) ... ok
test_strips_accents_punctuation_and_case (test_normalize.TextTests.test_strips_accents_punctuation_and_case) ... ok
test_bad_usage_exits_with_code_two (test_pipeline_cli.CliTests.test_bad_usage_exits_with_code_two) ... usage: cuti quote [-h] --title TITLE --cost-vnd COST_VND --condition
                  {naked,box,papers,fullset}
                  [--form {round,rectangular,square,tonneau,other,unknown}]
cuti quote: error: the following arguments are required: --cost-vnd, --condition
ok
test_configuration_error_exits_with_code_one (test_pipeline_cli.CliTests.test_configuration_error_exits_with_code_one) ... error: C:\Users\phama\AppData\Local\Temp\cuti-test-pjmackq5\config\rules.json: invalid JSON (Expecting property name enclosed in double quotes: line 1 column 2 (char 1))
ok
test_full_workflow (test_pipeline_cli.CliTests.test_full_workflow) ... ok
test_ingest_max_lots_and_invalid_limits (test_pipeline_cli.CliTests.test_ingest_max_lots_and_invalid_limits) ... error: max_lots must be a positive integer, got 0
error: max_lots must be a positive integer, got -1
ok
test_unknown_condition_value_is_rejected (test_pipeline_cli.CliTests.test_unknown_condition_value_is_rejected) ... usage: cuti quote [-h] --title TITLE --cost-vnd COST_VND --condition
                  {naked,box,papers,fullset}
                  [--form {round,rectangular,square,tonneau,other,unknown}]
cuti quote: error: argument --condition: invalid choice: 'pristine' (choose from naked, box, papers, fullset)
ok
test_watch_delivery_errors_are_visible_and_exit_nonzero (test_pipeline_cli.CliTests.test_watch_delivery_errors_are_visible_and_exit_nonzero) ... ok
test_empty_location_raises (test_pipeline_cli.FetchTests.test_empty_location_raises) ... ok
test_invalid_json_raises (test_pipeline_cli.FetchTests.test_invalid_json_raises) ... ok
test_missing_file_raises (test_pipeline_cli.FetchTests.test_missing_file_raises) ... ok
test_plain_path_becomes_file_url (test_pipeline_cli.FetchTests.test_plain_path_becomes_file_url) ... ok
test_reads_local_file (test_pipeline_cli.FetchTests.test_reads_local_file) ... ok
test_reads_local_json (test_pipeline_cli.FetchTests.test_reads_local_json) ... ok
test_relative_links_resolve (test_pipeline_cli.FetchTests.test_relative_links_resolve) ... ok
test_unsupported_scheme_raises (test_pipeline_cli.FetchTests.test_unsupported_scheme_raises) ... ok
test_full_sample_crawl (test_pipeline_cli.IngestTests.test_full_sample_crawl) ... ok
test_ingest_is_idempotent (test_pipeline_cli.IngestTests.test_ingest_is_idempotent) ... ok
test_lot_limit_is_applied_before_write (test_pipeline_cli.IngestTests.test_lot_limit_is_applied_before_write) ... ok
test_page_limit_stops_the_crawl (test_pipeline_cli.IngestTests.test_page_limit_stops_the_crawl) ... ok
test_pagination_loop_is_detected (test_pipeline_cli.IngestTests.test_pagination_loop_is_detected) ... ok
test_unknown_brand_aborts_instead_of_guessing (test_pipeline_cli.IngestTests.test_unknown_brand_aborts_instead_of_guessing) ... ok
test_file_notifier_appends_jsonl (test_pipeline_cli.NotifierTests.test_file_notifier_appends_jsonl) ... ok
test_message_mentions_the_verdict (test_pipeline_cli.NotifierTests.test_message_mentions_the_verdict) ... ok
test_telegram_notifier_is_selected_by_config (test_pipeline_cli.NotifierTests.test_telegram_notifier_is_selected_by_config) ... ok
test_explicit_condition_overrides_detection (test_pipeline_cli.QuoteTests.test_explicit_condition_overrides_detection) ... ok
test_green_light_on_cheap_cost (test_pipeline_cli.QuoteTests.test_green_light_on_cheap_cost) ... ok
test_red_light_on_expensive_cost (test_pipeline_cli.QuoteTests.test_red_light_on_expensive_cost) ... ok
test_thin_data_returns_insufficient_and_is_recorded (test_pipeline_cli.QuoteTests.test_thin_data_returns_insufficient_and_is_recorded) ... ok
test_histogram_edges_and_counts (test_pipeline_cli.ReportTests.test_histogram_edges_and_counts) ... ok
test_histogram_handles_single_value_and_empty (test_pipeline_cli.ReportTests.test_histogram_handles_single_value_and_empty) ... ok
test_report_file_is_written (test_pipeline_cli.ReportTests.test_report_file_is_written) ... ok
test_report_renders_without_data (test_pipeline_cli.ReportTests.test_report_renders_without_data) ... ok
test_empty_feed_is_a_no_op (test_pipeline_cli.WatchTests.test_empty_feed_is_a_no_op) ... ok
test_second_run_finds_no_new_deals (test_pipeline_cli.WatchTests.test_second_run_finds_no_new_deals) ... ok
test_watch_dedupes_and_alerts_only_on_green (test_pipeline_cli.WatchTests.test_watch_dedupes_and_alerts_only_on_green) ... ok
test_formula_matches_spec (test_pricing.NetTests.test_formula_matches_spec) ... ok
test_net_can_be_negative (test_pricing.NetTests.test_net_can_be_negative) ... ok
test_rejects_negative_cost (test_pricing.NetTests.test_rejects_negative_cost) ... ok
test_rejects_non_positive_hammer (test_pricing.NetTests.test_rejects_non_positive_hammer) ... ok
test_threshold_uses_margin_or_floor (test_pricing.NetTests.test_threshold_uses_margin_or_floor) ... ok
test_vnd_conversion (test_pricing.NetTests.test_vnd_conversion) ... ok
test_vnd_conversion_rejects_zero (test_pricing.NetTests.test_vnd_conversion_rejects_zero) ... ok
test_empty_raises (test_pricing.PercentileTests.test_empty_raises) ... ok
test_known_values (test_pricing.PercentileTests.test_known_values) ... ok
test_out_of_range_q_raises (test_pricing.PercentileTests.test_out_of_range_q_raises) ... ok
test_single_value (test_pricing.PercentileTests.test_single_value) ... ok
test_unsorted_input_is_sorted (test_pricing.PercentileTests.test_unsorted_input_is_sorted) ... ok
test_exactly_min_comparables_is_enough (test_pricing.QuoteTests.test_exactly_min_comparables_is_enough) ... ok
test_green_case_end_to_end (test_pricing.QuoteTests.test_green_case_end_to_end) ... ok
test_insufficient_data_below_min_comparables (test_pricing.QuoteTests.test_insufficient_data_below_min_comparables) ... ok
test_mismatched_series_lengths_raise (test_pricing.QuoteTests.test_mismatched_series_lengths_raise) ... ok
test_non_positive_comparable_price_raises (test_pricing.QuoteTests.test_non_positive_comparable_price_raises) ... ok
test_outlier_does_not_move_the_median (test_pricing.QuoteTests.test_outlier_does_not_move_the_median) ... ok
test_percentiles_are_ordered (test_pricing.QuoteTests.test_percentiles_are_ordered) ... ok
test_red_case_end_to_end (test_pricing.QuoteTests.test_red_case_end_to_end) ... ok
test_boundaries_are_closed_on_the_pessimistic_side (test_pricing.VerdictTests.test_boundaries_are_closed_on_the_pessimistic_side) ... ok
test_green_when_pessimistic_case_clears_threshold (test_pricing.VerdictTests.test_green_when_pessimistic_case_clears_threshold) ... ok
test_red_when_median_does_not_clear (test_pricing.VerdictTests.test_red_when_median_does_not_clear) ... ok
test_yellow_when_only_median_clears (test_pricing.VerdictTests.test_yellow_when_only_median_clears) ... ok
test_bad_boolean_is_rejected (test_scrapers.CatawikiTests.test_bad_boolean_is_rejected) ... ok
test_bad_date_is_rejected (test_scrapers.CatawikiTests.test_bad_date_is_rejected) ... ok
test_duplicate_lot_ids_are_rejected (test_scrapers.CatawikiTests.test_duplicate_lot_ids_are_rejected) ... ok
test_empty_page_is_an_error_not_an_empty_list (test_scrapers.CatawikiTests.test_empty_page_is_an_error_not_an_empty_list) ... ok
test_end_before_open_is_rejected (test_scrapers.CatawikiTests.test_end_before_open_is_rejected) ... ok
test_html_entities_are_decoded (test_scrapers.CatawikiTests.test_html_entities_are_decoded) ... ok
test_missing_required_attribute (test_scrapers.CatawikiTests.test_missing_required_attribute) ... ok
test_multiple_next_links_are_rejected (test_scrapers.CatawikiTests.test_multiple_next_links_are_rejected) ... ok
test_negative_hearts_is_rejected (test_scrapers.CatawikiTests.test_negative_hearts_is_rejected) ... ok
test_next_link_is_returned (test_scrapers.CatawikiTests.test_next_link_is_returned) ... ok
test_next_link_without_href_is_rejected (test_scrapers.CatawikiTests.test_next_link_without_href_is_rejected) ... ok
test_non_numeric_hammer_is_rejected (test_scrapers.CatawikiTests.test_non_numeric_hammer_is_rejected) ... ok
test_parses_a_sold_lot (test_scrapers.CatawikiTests.test_parses_a_sold_lot) ... ok
test_parses_unsold_lot_without_hammer (test_scrapers.CatawikiTests.test_parses_unsold_lot_without_hammer) ... ok
test_sold_lot_without_hammer_is_rejected (test_scrapers.CatawikiTests.test_sold_lot_without_hammer_is_rejected) ... ok
test_unsold_lot_with_hammer_is_rejected (test_scrapers.CatawikiTests.test_unsold_lot_with_hammer_is_rejected) ... ok
test_bad_date_is_rejected (test_scrapers.DealFeedTests.test_bad_date_is_rejected) ... ok
test_dedupe_hash_is_stable_and_content_sensitive (test_scrapers.DealFeedTests.test_dedupe_hash_is_stable_and_content_sensitive) ... ok
test_empty_feed_is_valid (test_scrapers.DealFeedTests.test_empty_feed_is_valid) ... ok
test_empty_title_is_rejected (test_scrapers.DealFeedTests.test_empty_title_is_rejected) ... ok
test_missing_field_is_rejected (test_scrapers.DealFeedTests.test_missing_field_is_rejected) ... ok
test_non_array_payload_is_rejected (test_scrapers.DealFeedTests.test_non_array_payload_is_rejected) ... ok
test_non_object_record_is_rejected (test_scrapers.DealFeedTests.test_non_object_record_is_rejected) ... ok
test_parses_valid_feed (test_scrapers.DealFeedTests.test_parses_valid_feed) ... ok
test_price_must_be_a_positive_integer (test_scrapers.DealFeedTests.test_price_must_be_a_positive_integer) ... ok
test_cuti_python_files_are_at_most_250_physical_lines (test_source_line_limits.SourceLineLimitTests.test_cuti_python_files_are_at_most_250_physical_lines) ... ok
test_all_non_ui_modules_avoid_optional_ui_dependencies (test_stdlib_imports.CoreImportTests.test_all_non_ui_modules_avoid_optional_ui_dependencies) ... ok
test_days_to_close (test_storage.LotModelTests.test_days_to_close) ... ok
test_end_before_open_is_rejected (test_storage.LotModelTests.test_end_before_open_is_rejected) ... ok
test_same_day_lot_is_valid (test_storage.LotModelTests.test_same_day_lot_is_valid) ... ok
test_sold_lot_requires_hammer (test_storage.LotModelTests.test_sold_lot_requires_hammer) ... ok
test_unsold_lot_must_not_have_hammer (test_storage.LotModelTests.test_unsold_lot_must_not_have_hammer) ... ok
test_alert_must_be_claimed_before_marking_sent (test_storage.StorageTests.test_alert_must_be_claimed_before_marking_sent) ... ok
test_check_constraint_blocks_bad_direct_write (test_storage.StorageTests.test_check_constraint_blocks_bad_direct_write) ... ok
test_count_rows_rejects_unknown_table (test_storage.StorageTests.test_count_rows_rejects_unknown_table) ... ok
test_deal_dedupe_returns_none_second_time (test_storage.StorageTests.test_deal_dedupe_returns_none_second_time) ... ok
test_empty_upsert_writes_nothing (test_storage.StorageTests.test_empty_upsert_writes_nothing) ... ok
test_fts_index_follows_updates_and_deletes (test_storage.StorageTests.test_fts_index_follows_updates_and_deletes) ... ok
test_invalid_outbox_payload_is_not_claimed (test_storage.StorageTests.test_invalid_outbox_payload_is_not_claimed) ... ok
test_liquidity_fetch_includes_unsold (test_storage.StorageTests.test_liquidity_fetch_includes_unsold) ... ok
test_quote_insert_returns_id (test_storage.StorageTests.test_quote_insert_returns_id) ... ok
test_search_excludes_unsold_and_out_of_window (test_storage.StorageTests.test_search_excludes_unsold_and_out_of_window) ... ok
test_search_rejects_non_positive_limit (test_storage.StorageTests.test_search_rejects_non_positive_limit) ... ok
test_unquoted_deal_query_filters_freshness_in_sql (test_storage.StorageTests.test_unquoted_deal_query_filters_freshness_in_sql) ... ok
test_upsert_is_idempotent (test_storage.StorageTests.test_upsert_is_idempotent) ... ok
test_upsert_updates_existing_row (test_storage.StorageTests.test_upsert_updates_existing_row) ... ok
test_fake_page_is_resolved_and_description_is_compressed (test_t2_settlement_details.SettlementDetailsTests.test_fake_page_is_resolved_and_description_is_compressed) ... ok
test_model_key_records_all_five_fallback_tiers (test_t6_identity_resolver.IdentityAndModelKeyTests.test_model_key_records_all_five_fallback_tiers) ... ok
test_omega_two_reference_codes_are_not_cut_at_whitespace (test_t6_identity_resolver.IdentityAndModelKeyTests.test_omega_two_reference_codes_are_not_cut_at_whitespace) ... ok
test_omega_vintage_keeps_reference_whole_and_reads_description_caliber (test_t6_identity_resolver.IdentityAndModelKeyTests.test_omega_vintage_keeps_reference_whole_and_reads_description_caliber) ... ok
test_rolex_modern_reference_does_not_invent_caliber (test_t6_identity_resolver.IdentityAndModelKeyTests.test_rolex_modern_reference_does_not_invent_caliber) ... ok
test_seiko_reference_splits_into_a_paired_caliber_and_case_code (test_t6_identity_resolver.IdentityAndModelKeyTests.test_seiko_reference_splits_into_a_paired_caliber_and_case_code) ... ok
test_higher_tier_conflict_keeps_details_and_marks_review (test_t6_identity_resolver.ResolverConflictTests.test_higher_tier_conflict_keeps_details_and_marks_review) ... ok
test_reference_disagreement_derives_case_code_conflict (test_t6_identity_resolver.ResolverConflictTests.test_reference_disagreement_derives_case_code_conflict) ... ok
test_same_tier_conflict_clears_typed_value_and_marks_review (test_t6_identity_resolver.ResolverConflictTests.test_same_tier_conflict_clears_typed_value_and_marks_review) ... ok
test_pending_review_lot_is_excluded_from_sold_pool (test_t6_storage_regressions.PendingReviewPoolTests.test_pending_review_lot_is_excluded_from_sold_pool) ... ok
test_lot_desc_round_trip_is_zlib_and_keeps_blob_out_of_lots (test_t6_storage_regressions.SchemaV4MigrationTests.test_lot_desc_round_trip_is_zlib_and_keeps_blob_out_of_lots) ... ok
test_v3_migration_preserves_lot_and_adds_lot_desc (test_t6_storage_regressions.SchemaV4MigrationTests.test_v3_migration_preserves_lot_and_adds_lot_desc) ... ok
test_dotenv_values_count_as_explicit_configuration (test_verify_live.VerifyLiveSourceGateTests.test_dotenv_values_count_as_explicit_configuration) ... ok
test_missing_sources_are_reported_without_defaults (test_verify_live.VerifyLiveSourceGateTests.test_missing_sources_are_reported_without_defaults) ... ok
test_live_pipeline_has_ingest_cap_and_settle_step (test_verify_scripts.VerifyScriptTests.test_live_pipeline_has_ingest_cap_and_settle_step) ... ok
test_verify_reports_the_real_source_line_maximum (test_verify_scripts.VerifyScriptTests.test_verify_reports_the_real_source_line_maximum) ... ok

----------------------------------------------------------------------
Ran 286 tests in 8.664s

OK
> D:\Projects\cuti-tools\.venv\Scripts\python.exe -m cuti.cli --home D:\Projects\cuti-tools --today 2026-08-01 --json init-db
{
  "db_path": "D:\\Projects\\cuti-tools\\var\\verify\\2026-08-20\\run-5ed332d9a11c\\auctions.db",
  "status": "ready"
}
> D:\Projects\cuti-tools\.venv\Scripts\python.exe -m cuti.cli --home D:\Projects\cuti-tools --today 2026-08-01 --json ingest
{
  "lots_total": 384,
  "lots_written": 384,
  "pages_fetched": 8,
  "stopped_reason": "no next page"
}
> D:\Projects\cuti-tools\.venv\Scripts\python.exe -m cuti.cli --home D:\Projects\cuti-tools --today 2026-08-01 --json quote --title Omega Speedmaster Professional 311.30.42 full set --cost-vnd 30000000 --condition fullset --form round
{
  "attempt_count": 8,
  "break_even_hammer_eur": 1546.7190312551138,
  "condition": "fullset",
  "cost_eur": 1111.11,
  "form": "round",
  "median_days_to_close": 18.0,
  "model_key": "omega:311.30.42",
  "net_avg_eur": 2687.268263888889,
  "net_max_eur": 3307.916701388889,
  "net_min_eur": 2542.7685763888885,
  "quote_id": 1,
  "sample_size": 6,
  "sell_through_rate": 0.75,
  "threshold_eur": 166.67,
  "title": "Omega Speedmaster Professional 311.30.42 full set",
  "verdict": "green"
}
> D:\Projects\cuti-tools\.venv\Scripts\python.exe -m cuti.cli --home D:\Projects\cuti-tools --today 2026-08-01 --json watch
{
  "alerts_failed": 0,
  "alerts_sent": 1,
  "deals_new": 5,
  "deals_quoted": 5,
  "deals_seen": 6,
  "deals_stale": 1,
  "errors": [],
  "outbox_dead": 0,
  "outbox_pending": 0,
  "verdicts": [
    {
      "title": "Omega Constellation 131.12.41 full set",
      "verdict": "insufficient_data"
    },
    {
      "title": "Tudor Black Bay 58 79030 with papers",
      "verdict": "yellow"
    },
    {
      "title": "Seiko Prospex SPB143 watch only",
      "verdict": "red"
    },
    {
      "title": "Rolex Submariner 124060 full set",
      "verdict": "green"
    },
    {
      "title": "Omega Seamaster Diver 300M 210.30.42 with box",
      "verdict": "red"
    }
  ]
}
> D:\Projects\cuti-tools\.venv\Scripts\python.exe -m cuti.cli --home D:\Projects\cuti-tools --today 2026-08-01 --json liquidity
{
  "brands": [
    {
      "brand": "omega",
      "form": "round",
      "heart_to_hammer": 0.9487,
      "index": 0.9351,
      "latest_qoq_change": null,
      "lots": 64,
      "median_days_to_close": 25.0,
      "sell_through": 0.8906,
      "sold": 57,
      "stop_buying": false
    },
    {
      "brand": "oris",
      "form": "round",
      "heart_to_hammer": 0.8462,
      "index": 0.8755,
      "latest_qoq_change": null,
      "lots": 32,
      "median_days_to_close": 25.0,
      "sell_through": 0.8125,
      "sold": 26,
      "stop_buying": false
    },
    {
      "brand": "rolex",
      "form": "round",
      "heart_to_hammer": 0.7959,
      "index": 0.8576,
      "latest_qoq_change": null,
      "lots": 64,
      "median_days_to_close": 25.0,
      "sell_through": 0.7969,
      "sold": 51,
      "stop_buying": false
    },
    {
      "brand": "citizen",
      "form": "round",
      "heart_to_hammer": 0.7826,
      "index": 0.8471,
      "latest_qoq_change": null,
      "lots": 32,
      "median_days_to_close": 20.0,
      "sell_through": 0.7812,
      "sold": 25,
      "stop_buying": false
    },
    {
      "brand": "seiko",
      "form": "round",
      "heart_to_hammer": 0.7556,
      "index": 0.8339,
      "latest_qoq_change": -0.3186074429771909,
      "lots": 64,
      "median_days_to_close": 25.0,
      "sell_through": 0.7656,
      "sold": 49,
      "stop_buying": false
    },
    {
      "brand": "tissot",
      "form": "tonneau",
      "heart_to_hammer": 0.7895,
      "index": 0.8173,
      "latest_qoq_change": null,
      "lots": 32,
      "median_days_to_close": 29.0,
      "sell_through": 0.7188,
      "sold": 23,
      "stop_buying": false
    },
    {
      "brand": "hamilton",
      "form": "round",
      "heart_to_hammer": 0.6923,
      "index": 0.7822,
      "latest_qoq_change": null,
      "lots": 32,
      "median_days_to_close": 27.0,
      "sell_through": 0.6875,
      "sold": 22,
      "stop_buying": false
    },
    {
      "brand": "tudor",
      "form": "round",
      "heart_to_hammer": 0.6667,
      "index": 0.7771,
      "latest_qoq_change": null,
      "lots": 32,
      "median_days_to_close": 27.0,
      "sell_through": 0.6875,
      "sold": 22,
      "stop_buying": false
    },
    {
      "brand": "longines",
      "form": "round",
      "heart_to_hammer": 0.6522,
      "index": 0.7586,
      "latest_qoq_change": null,
      "lots": 32,
      "median_days_to_close": 26.0,
      "sell_through": 0.6562,
      "sold": 21,
      "stop_buying": false
    }
  ],
  "excluded_groups": [],
  "window_end": "2026-08-01",
  "window_start": "2024-08-01"
}
> D:\Projects\cuti-tools\.venv\Scripts\python.exe -m cuti.cli --home D:\Projects\cuti-tools --today 2026-08-01 --json report
{
  "report_path": "D:\\Projects\\cuti-tools\\var\\verify\\2026-08-20\\run-5ed332d9a11c\\report.html"
}
> D:\Projects\cuti-tools\.venv\Scripts\python.exe -m cuti.cli --home D:\Projects\cuti-tools --today 2026-08-01 --json status
{
  "alert_outbox": {
    "dead": 0,
    "pending": 0,
    "sending": 0,
    "sent": 1
  },
  "base_dir": "D:\\Projects\\cuti-tools",
  "db_path": "D:\\Projects\\cuti-tools\\var\\verify\\2026-08-20\\run-5ed332d9a11c\\auctions.db",
  "deals": 5,
  "live_watch": 0,
  "lots": 384,
  "match_threshold": 0.85,
  "min_comparables": 5,
  "notifier": "file",
  "quote_comparables": 40,
  "quotes": 6
}
SRC_LOC_MAX=230
VERIFY OK — artifacts: D:\Projects\cuti-tools\var\verify\2026-08-20\run-5ed332d9a11c
EXIT=0
